"V01.00.000"
"$_Languages"
"10(1) Espagnol (traditionnel)";"12(1) Français (France)";"9(2) Anglais (Royaume-Uni)";"513(1) Key"
"$_Timestamp"
"12.05.2015  21:59:07";"20.05.2015  00:12:23";"20.05.2015  00:12:23";""
"$_Typ(BlockTitle)"
"RECEPTION DB FOR SIPTOL DATA";"RECEPTION DB FOR SIPTOL DATA";"RECEPTION DB FOR SIPTOL DATA";""
"PART DATA RESERVED DB";"PART DATA RESERVED DB";"PART DATA RESERVED DB";""
"FACILITY: PART WORD TABLE";"FACILITY: PART WORD TABLE";"FACILITY: PART WORD TABLE";""
"FACILITY: SUPPORT WORD TABLE / DB MOTS SUPPORT";"FACILITY: SUPPORT WORD TABLE / DB MOTS SUPPORT";"FACILITY: SUPPORT WORD TABLE / DB MOTS SUPPORT";""
"FACILITY: GLOBAL DB";"FACILITY: GLOBAL DB";"FACILITY: GLOBAL DB";""
"""MAIN PROGRAM SWEEP (CYCLE)""";"""MAIN PROGRAM SWEEP (CYCLE)""";"""MAIN PROGRAM SWEEP (CYCLE)""";""
"""CYCLIC INTERRUPT""";"""CYCLIC INTERRUPT""";"""CYCLIC INTERRUPT""";""
"""I/O POINT FAULT""";"""I/O POINT FAULT""";"""I/O POINT FAULT""";""
"""I/O Point Fault""";"""I/O Point Fault""";"""I/O Point Fault""";""
"""Organization Block (OB) Not Loaded Fault""";"""Organization Block (OB) Not Loaded Fault""";"""Organization Block (OB) Not Loaded Fault""";""
"""LOSS OF RACK FAULT""";"""LOSS OF RACK FAULT""";"""LOSS OF RACK FAULT""";""
"FACILITY CONTROL";"FACILITY CONTROL";"FACILITY CONTROL";""
"PLC DATA BACKUP MANAGEMENT / GESTION SALVAGUARDA DE DATOS API";"PLC DATA BACKUP MANAGEMENT / GESTION SAUVEGARDE DES DONNEES API";"PLC DATA BACKUP MANAGEMENT / GESTION SALVAGUARDA DE DATOS API";""
"MOP/LOP HMI SCREEN MANAGEMENT";"MOP/LOP HMI SCREEN MANAGEMENT";"MOP/LOP HMI SCREEN MANAGEMENT";""
"FB4 COM ESTABLECIMIENTO DEL ENLACE DE COMUNICACIÓN CON N2";"FB4 COM ETABLISSEMENT DE LA LIAISON DE COMMUNICATION AVEC N2";"FB4 COM ESTABLECIMIENTO DEL ENLACE DE COMUNICACIÓN CON N2";""
"ZONA 1";"ZONE 1";"ZONA 1";""
"PIVOTANTE";"PIVOTEUR";"PIVOTANTE";""
"UTIL";"OUTIL";"UTIL";""
"OPERARIO";"OPERATOR";"OPERARIO";""
"GESTION ROBOT B0";"ROBOT B0 MANAGEMENT";"GESTION ROBOT B0";""
"GARRA";"PREHENSEUR";"GARRA";""
"GESTION ROBOT C1";"ROBOT C1 MANAGEMENT";"GESTION ROBOT C1";""
"GESTION ROBOT C2";"ROBOT C2 MANAGEMENT";"GESTION ROBOT C2";""
"GESTION ROBOT C3";"ROBOT C3 MANAGEMENT";"GESTION ROBOT C3";""
"GESTION ROBOT C4";"ROBOT C4 MANAGEMENT";"GESTION ROBOT C4";""
"GESTION ROBOT E0";"ROBOT E0 MANAGEMENT";"GESTION ROBOT E0";""
"GESTION ROBOT F0";"ROBOT F0 MANAGEMENT";"GESTION ROBOT F0";""
"GESTION ROBOT G1";"ROBOT G1 MANAGEMENT";"GESTION ROBOT G1";""
"GESTION ROBOT G2";"ROBOT G2 MANAGEMENT";"GESTION ROBOT G2";""
"GESTION ROBOT G3";"ROBOT G3 MANAGEMENT";"GESTION ROBOT G3";""
"GESTION ROBOT J0";"ROBOT J0 MANAGEMENT";"GESTION ROBOT J0";""
"PS";"PS";"PS";""
"CHGT_MUEBLE";"CHGT_MEUBLE";"CHGT_MUEBLE";""
"MONTAJE";"MONTAGE";"MONTAJE";""
"GESTION ROBOT L1";"ROBOT L1 MANAGEMENT";"GESTION ROBOT L1";""
"GESTION ROBOT A2";"ROBOT A2 MANAGEMENT";"GESTION ROBOT A2";""
"GESTION ROBOT G4";"ROBOT G4 MANAGEMENT";"GESTION ROBOT G4";""
"""COMPLETE RESTART""";"""COMPLETE RESTART""";"""COMPLETE RESTART""";""
"""Module Access Error""";"""Module Access Error""";"""Module Access Error""";""
"Definición cíclica ZonA 1";"Définition cyclique Zone 1";"Definición cíclica ZonA 1";""
"FACILITY: CYCLIC DEFINITION";"FACILITY: CYCLIC DEFINITION";"FACILITY: CYCLIC DEFINITION";""
"FCO_K5.4.5.0_3.5.0.1";"FCO_K5.4.5.0_3.5.0.1";"FCO_K5.4.5.0_3.5.0.1";""
"Information created by BF_Zone_mode_IHM";"Information created by BF_Zone_mode_IHM";"Information created by BF_Zone_mode_IHM";""
"Management facility information";"Management facility information";"Management facility information";""
"UDT used as input for movement multiposition BF";"UDT used as input for movement multiposition BF";"UDT used as input for movement multiposition BF";""
"UDT used as input for 2 positions movement BF and Robot Gripper";"UDT used as input for 2 positions movement BF and Robot Gripper";"UDT used as input for 2 positions movement BF and Robot Gripper";""
"Bloque de diagnóstico Notificar errores de sistema";"Bloque de diagnóstico Notificar errores de sistema";"Bloque de diagnóstico Notificar errores de sistema";""
"FACILITY: STRING STORAGE SIEBERT DISPLAY / STOCKAGE MESSAGE AFFI";"FACILITY: STRING STORAGE SIEBERT DISPLAY / STOCKAGE MESSAGE AFFI";"FACILITY: STRING STORAGE SIEBERT DISPLAY / STOCKAGE MESSAGE AFFI";""
"DATA STRUCTURE FOR STORAGE ON MMC";"DATA STRUCTURE FOR STORAGE ON MMC";"DATA STRUCTURE FOR STORAGE ON MMC";""
"F_: Timer Switch On Delay";"F_: Timer Switch On Delay";"F_: Timer Switch On Delay";""
"F_: Timer Switch Off Delay";"F_: Timer Switch Off Delay";"F_: Timer Switch Off Delay";""
"F_: Driver Block In-Output with Channel Granular Passivation";"F_: Driver Block In-Output with Channel Granular Passivation";"F_: Driver Block In-Output with Channel Granular Passivation";""
"F_: Cycle Control and Mode";"F_: Cycle Control and Mode";"F_: Cycle Control and Mode";""
"F_: Test Block and Programme Run Control";"F_: Test Block and Programme Run Control";"F_: Test Block and Programme Run Control";""
"FI: Timer Switch On Delay";"FI: Timer Switch On Delay";"FI: Timer Switch On Delay";""
"FI: Timer Switch Off Delay";"FI: Timer Switch Off Delay";"FI: Timer Switch Off Delay";""
"FI: Global Acknowledgement of all F-I/O of a RTG";"FI: Global Acknowledgement of all F-I/O of a RTG";"FI: Global Acknowledgement of all F-I/O of a RTG";""
"F_: Diagnosticbuffer Message with non CPU-STOP";"F_: Diagnosticbuffer Message with non CPU-STOP";"F_: Diagnosticbuffer Message with non CPU-STOP";""
"Gestion d'un chariot Minomi (Dépaletisation)";"Gestion d'un chariot Minomi (Dépaletisation)";"Gestion d'un chariot Minomi (Dépaletisation)";""
"Déverminage Table Périmètre flexible";"Déverminage Table Périmètre flexible";"Déverminage Table Périmètre flexible";""
"FANUC NISSAN ROBOT FB / BF ROBOT FANUC NISSAN";"FANUC NISSAN ROBOT FB / BF ROBOT FANUC NISSAN";"FANUC NISSAN ROBOT FB / BF ROBOT FANUC NISSAN";""
"Send UDP Data";"Send UDP Data";"Send UDP Data";""
"Connect";"Connect";"Connect";""
"F_: Send Data via PROFIBUS DP / PROFINET IO";"F_: Send Data via PROFIBUS DP / PROFINET IO";"F_: Send Data via PROFIBUS DP / PROFINET IO";""
"F_: Receive Data via PROFIBUS DP / PROFINET IO";"F_: Receive Data via PROFIBUS DP / PROFINET IO";"F_: Receive Data via PROFIBUS DP / PROFINET IO";""
"F_: Global Acknowledgement of all F-I/O of a RTG";"F_: Global Acknowledgement of all F-I/O of a RTG";"F_: Global Acknowledgement of all F-I/O of a RTG";""
" Send Data to CP340";" Send Data to CP340";" Send Data to CP340";""
" Receive Data from CP340";" Receive Data from CP340";" Receive Data from CP340";""
"BF_PNPN_MESG";"BF_PNPN_MESG";"BF_PNPN_MESG";""
"BF_G120D_S_V2";"BF_G120D_S_V2";"BF_G120D_S_V2";""
"BF_G120S_V2";"BF_G120S_V2";"BF_G120S_V2";""
"BF_CARACT_SIEBERT";"BF_CARACT_SIEBERT";"BF_CARACT_SIEBERT";""
"BF_RECALAGE2";"BF_RECALAGE2";"BF_RECALAGE2";""
"FB_LANC_SIP";"FB_LANC_SIP";"FB_LANC_SIP";""
"Afficheur Siebert";"Afficheur Siebert";"Afficheur Siebert";""
"BF_WELDING_BOX";"BF_WELDING_BOX";"BF_WELDING_BOX";""
"BF_CONF_MACHINE";"BF_CONF_MACHINE";"BF_CONF_MACHINE";""
"BF_CODE_PROCESS";"BF_CODE_PROCESS";"BF_CODE_PROCESS";""
"BF_IHMCAME_ROBOT1";"BF_IHMCAME_ROBOT1";"BF_IHMCAME_ROBOT1";""
"BF_IHMCR1";"BF_IHMCR1";"BF_IHMCR1";""
"BF_IHMCRM1";"BF_IHMCRM1";"BF_IHMCRM1";""
"BF_CABRS";"BF_CABRS";"BF_CABRS";""
"BF_IHMPORTE1";"BF_IHMPORTE1";"BF_IHMPORTE1";""
"BF_IHMAIR1";"BF_IHMAIR1";"BF_IHMAIR1";""
"BF_ZONE_MODE_IHM1";"BF_ZONE_MODE_IHM1";"BF_ZONE_MODE_IHM1";""
"BF_MOUV_PL2M";"BF_MOUV_PL2M";"BF_MOUV_PL2M";""
"BF_RB_COD_PREH_API";"BF_RB_COD_PREH_API";"BF_RB_COD_PREH_API";""
"Modbus TCP/IP Slave sur CP 343-1";"Modbus TCP/IP Slave sur CP 343-1";"Modbus TCP/IP Slave sur CP 343-1";""
"BF_IHM_WINCC";"BF_IHM_WINCC";"BF_IHM_WINCC";""
"BF_RB_SERVICE";"BF_RB_SERVICE";"BF_RB_SERVICE";""
"BF_MMC";"BF_MMC";"BF_MMC";""
"BF_MB_CHAINE1";"BF_MB_CHAINE1";"BF_MB_CHAINE1";""
"BF_MB_BUTEE1";"BF_MB_BUTEE1";"BF_MB_BUTEE1";""
"MARIAGE / MATCHING";"MARIAGE / MATCHING";"MARIAGE / MATCHING";""
"BF_ILOT";"BF_ILOT";"BF_ILOT";""
"BF_B_VIEAPI";"BF_B_VIEAPI";"BF_B_VIEAPI";""
"BF_IDENT";"BF_IDENT";"BF_IDENT";""
"BF_ROBOT";"BF_ROBOT";"BF_ROBOT";""
"BF_TCY_SUIV";"BF_TCY_SUIV";"BF_TCY_SUIV";""
"BF_CPT_PIECE";"BF_CPT_PIECE";"BF_CPT_PIECE";""
"LIAISON API CALCULATEUR";"LIAISON API CALCULATEUR";"LIAISON API CALCULATEUR";""
"BF_ACT_DESACT";"BF_ACT_DESACT";"BF_ACT_DESACT";""
"BF_TF_TP";"BF_TF_TP";"BF_TF_TP";""
"BF_MVSE2P1";"BF_MVSE2P1";"BF_MVSE2P1";""
"BF_MOUVMP1";"BF_MOUVMP1";"BF_MOUVMP1";""
"BF_MOUV2P1";"BF_MOUV2P1";"BF_MOUV2P1";""
"Bloque de diagnostico Señalización de errores sistema";"Bloc de diagnostic Signalisation d'erreurs système";"Bloque de diagnostico Señalización de errores sistema";""
